// Jest Snapshot v1, https://goo.gl/fbAQLP

exports[`TableHeaderLabel renders 1`] = `
<th
  className="ax-table__header-label ax-table__header-label--align-left"
>
  <div
    className="ax-table__header-button"
    disabled={true}
    role="button"
  >
    Test
    <svg
      className="ax-table__header-icon ax-icon ax-icon--triangle-up ax-icon--inline ax-icon--space-left-x2 ax-cloak"
      dangerouslySetInnerHTML={
        Object {
          "__html": "<path d=\\"M13 12L7.93 4 3 12z\\" fill-rule=\\"evenodd\\"/>",
        }
      }
      style={
        Object {
          "height": "1rem",
          "width": "1rem",
        }
      }
      viewBox="0 0 16 16"
    />
  </div>
</th>
`;

exports[`TableHeaderLabel renders with grow 1`] = `
<th
  className="ax-table__header-label ax-table__header-label--align-left ax-table__header-label--grow"
>
  <div
    className="ax-table__header-button"
    disabled={true}
    role="button"
  >
    Test
    <svg
      className="ax-table__header-icon ax-icon ax-icon--triangle-up ax-icon--inline ax-icon--space-left-x2 ax-cloak"
      dangerouslySetInnerHTML={
        Object {
          "__html": "<path d=\\"M13 12L7.93 4 3 12z\\" fill-rule=\\"evenodd\\"/>",
        }
      }
      style={
        Object {
          "height": "1rem",
          "width": "1rem",
        }
      }
      viewBox="0 0 16 16"
    />
  </div>
</th>
`;

exports[`TableHeaderLabel renders with shrink 1`] = `
<th
  className="ax-table__header-label ax-table__header-label--align-left ax-table__header-label--shrink"
>
  <div
    className="ax-table__header-button"
    disabled={true}
    role="button"
  >
    Test
    <svg
      className="ax-table__header-icon ax-icon ax-icon--triangle-up ax-icon--inline ax-icon--space-left-x2 ax-cloak"
      dangerouslySetInnerHTML={
        Object {
          "__html": "<path d=\\"M13 12L7.93 4 3 12z\\" fill-rule=\\"evenodd\\"/>",
        }
      }
      style={
        Object {
          "height": "1rem",
          "width": "1rem",
        }
      }
      viewBox="0 0 16 16"
    />
  </div>
</th>
`;

exports[`TableHeaderLabel renders with sortDirection 1`] = `
<th
  className="ax-table__header-label ax-table__header-label--align-left ax-table__header-label--selected"
>
  <div
    className="ax-table__header-button"
    disabled={true}
    role="button"
  >
    Test
    <svg
      className="ax-table__header-icon ax-icon ax-icon--triangle-up ax-icon--inline ax-icon--space-left-x2 ax-cloak ax-cloak--visible"
      dangerouslySetInnerHTML={
        Object {
          "__html": "<path d=\\"M13 12L7.93 4 3 12z\\" fill-rule=\\"evenodd\\"/>",
        }
      }
      style={
        Object {
          "height": "1rem",
          "width": "1rem",
        }
      }
      viewBox="0 0 16 16"
    />
  </div>
</th>
`;

exports[`TableHeaderLabel renders with sortable 1`] = `
<th
  className="ax-table__header-label ax-table__header-label--align-left"
>
  <div
    className="ax-table__header-button"
    disabled={true}
    role="button"
  >
    Test
  </div>
</th>
`;

exports[`TableHeaderLabel renders with textAlign 1`] = `
<th
  className="ax-table__header-label ax-table__header-label--align-right"
>
  <div
    className="ax-table__header-button"
    disabled={true}
    role="button"
  >
    Test
    <svg
      className="ax-table__header-icon ax-icon ax-icon--triangle-up ax-icon--inline ax-icon--space-right-x2 ax-cloak"
      dangerouslySetInnerHTML={
        Object {
          "__html": "<path d=\\"M13 12L7.93 4 3 12z\\" fill-rule=\\"evenodd\\"/>",
        }
      }
      style={
        Object {
          "height": "1rem",
          "width": "1rem",
        }
      }
      viewBox="0 0 16 16"
    />
  </div>
</th>
`;

exports[`TableHeaderLabel renders with width 1`] = `
<th
  className="ax-table__header-label ax-table__header-label--align-left"
  style={
    Object {
      "width": "20%",
    }
  }
>
  <div
    className="ax-table__header-button"
    disabled={true}
    role="button"
  >
    Test
    <svg
      className="ax-table__header-icon ax-icon ax-icon--triangle-up ax-icon--inline ax-icon--space-left-x2 ax-cloak"
      dangerouslySetInnerHTML={
        Object {
          "__html": "<path d=\\"M13 12L7.93 4 3 12z\\" fill-rule=\\"evenodd\\"/>",
        }
      }
      style={
        Object {
          "height": "1rem",
          "width": "1rem",
        }
      }
      viewBox="0 0 16 16"
    />
  </div>
</th>
`;

exports[`TableHeaderLabel renders with wrap 1`] = `
<th
  className="ax-table__header-label ax-table__header-label--align-left"
>
  <div
    className="ax-table__header-button"
    disabled={true}
    role="button"
  >
    <div
      className="ax-table__header-tooltip--wrap ax-text--ellipsis"
      onMouseOver={[Function]}
    >
      Test
    </div>
    <svg
      className="ax-table__header-icon ax-icon ax-icon--triangle-up ax-icon--inline ax-icon--space-left-x2 ax-cloak"
      dangerouslySetInnerHTML={
        Object {
          "__html": "<path d=\\"M13 12L7.93 4 3 12z\\" fill-rule=\\"evenodd\\"/>",
        }
      }
      style={
        Object {
          "height": "1rem",
          "width": "1rem",
        }
      }
      viewBox="0 0 16 16"
    />
  </div>
</th>
`;

exports[`TableHeaderLabel width overrides grow 1`] = `
<th
  className="ax-table__header-label ax-table__header-label--align-left"
  style={
    Object {
      "width": "20%",
    }
  }
>
  <div
    className="ax-table__header-button"
    disabled={true}
    role="button"
  >
    Test
    <svg
      className="ax-table__header-icon ax-icon ax-icon--triangle-up ax-icon--inline ax-icon--space-left-x2 ax-cloak"
      dangerouslySetInnerHTML={
        Object {
          "__html": "<path d=\\"M13 12L7.93 4 3 12z\\" fill-rule=\\"evenodd\\"/>",
        }
      }
      style={
        Object {
          "height": "1rem",
          "width": "1rem",
        }
      }
      viewBox="0 0 16 16"
    />
  </div>
</th>
`;

exports[`TableHeaderLabel width overrides shrink 1`] = `
<th
  className="ax-table__header-label ax-table__header-label--align-left"
  style={
    Object {
      "width": "20%",
    }
  }
>
  <div
    className="ax-table__header-button"
    disabled={true}
    role="button"
  >
    Test
    <svg
      className="ax-table__header-icon ax-icon ax-icon--triangle-up ax-icon--inline ax-icon--space-left-x2 ax-cloak"
      dangerouslySetInnerHTML={
        Object {
          "__html": "<path d=\\"M13 12L7.93 4 3 12z\\" fill-rule=\\"evenodd\\"/>",
        }
      }
      style={
        Object {
          "height": "1rem",
          "width": "1rem",
        }
      }
      viewBox="0 0 16 16"
    />
  </div>
</th>
`;
