// Jest Snapshot v1, https://goo.gl/fbAQLP

exports[`ChartTableRow renders with defaultProps 1`] = `
<div
  className="ax-chart-table__row"
>
  Lorem Ipsum
</div>
`;
