// Jest Snapshot v1, https://goo.gl/fbAQLP

exports[`ColumnChartVisual renders with defaultProps 1`] = `
<div
  className="ax-column-chart__visual"
>
  Lorem
</div>
`;
