// Jest Snapshot v1, https://goo.gl/fbAQLP

exports[`StatHeading renders with defaultProps 1`] = `
<div
  className="ax-stat-cards__heading"
>
  Lorem
</div>
`;
