// Jest Snapshot v1, https://goo.gl/fbAQLP

exports[`RadioButton renders with defaultProps 1`] = `
<div
  className="ax-chedio-buttox-group"
>
  <label
    className="ax-chedio-buttox__container ax-space--x2"
    onClick={undefined}
  >
    <input
      className="ax-chedio-buttox ax-radio"
      disabled={undefined}
      name={undefined}
      type="radio"
    />
    <span
      className="ax-chedio-buttox__indicator ax-radio__indicator"
    />
    <span
      className="ax-chedio-buttox__label"
    >
      Lorem ipsum
    </span>
  </label>
</div>
`;
