// Jest Snapshot v1, https://goo.gl/fbAQLP

exports[`ColumnChartBars renders with defaultProps 1`] = `
<div
  className="ax-column-chart__bars"
>
  Lorem
</div>
`;
