// Jest Snapshot v1, https://goo.gl/fbAQLP

exports[`ContextTip renders with defaultProps 1`] = `
<div
  className="ax-context-box ax-context-box--padding-small"
  style={
    Object {
      "maxHeight": undefined,
    }
  }
>
  <p
    className="ax-space--x2"
  >
    Lorem ipsum
  </p>
</div>
`;
