// Jest Snapshot v1, https://goo.gl/fbAQLP

exports[`CheckBox renders with defaultProps 1`] = `
<div
  className="ax-chedio-buttox-group"
>
  <label
    className="ax-checkbox ax-space--x2"
  >
    <input
      checked={false}
      className="ax-checkbox__input"
      type="checkbox"
    />
    <span
      className="ax-checkbox__indicator"
    >
      <svg
        height="17"
        viewBox="0 0 16 16"
        width="17"
        xmlns="http://www.w3.org/2000/svg"
      >
        <g
          fill="none"
          fillRule="evenodd"
          stroke="none"
          strokeWidth="1"
        >
          <g
            fillRule="nonzero"
            stroke="white"
            strokeWidth="2.1"
          >
            <path
              d="M3.25 8.25L6 11l6.75-6.75"
            />
          </g>
        </g>
      </svg>
    </span>
    <span
      className="ax-checkbox__label"
    >
      Lorem ipsum
    </span>
  </label>
</div>
`;
