// Jest Snapshot v1, https://goo.gl/fbAQLP

exports[`TextInputIcon renders with defaultProps 1`] = `
<span
  className="ax-input__icon ax-input__icon--align-right"
>
  <svg
    className="ax-icon ax-icon--twitter"
    dangerouslySetInnerHTML={
      Object {
        "__html": "<path d=\\"M0 13.526a6.586 6.586 0 0 0 4.86-1.36 3.285 3.285 0 0 1-3.067-2.28c.201.04.407.06.618.06.3 0 .693-.04.968-.115C1.878 9.529.85 8.203.85 6.613c0 .204.846.352 1.384.369C1.352 6.394.721 5.389.721 4.25c0-.601.136-1.166.418-1.65a9.29 9.29 0 0 0 6.754 3.429 3.287 3.287 0 0 1-.092-.747 3.28 3.28 0 0 1 5.674-2.246 6.554 6.554 0 0 0 2.084-.797 3.298 3.298 0 0 1-1.444 1.817A6.56 6.56 0 0 0 16 3.538a6.673 6.673 0 0 1-1.638 1.7c.007.14.01.281.01.424C14.371 10 11.07 15 5.031 15A9.301 9.301 0 0 1 0 13.526z\\" fill=\\"#1da1f2\\" fill-rule=\\"evenodd\\"/>",
      }
    }
    style={
      Object {
        "height": "1rem",
        "width": "1rem",
      }
    }
    viewBox="0 0 16 16"
  />
</span>
`;

exports[`TextInputIcon renders with the correct iconColor 1`] = `
<span
  className="ax-input__icon ax-input__icon--align-right"
>
  <svg
    className="ax-icon ax-icon--twitter ax-text--color-facebook"
    dangerouslySetInnerHTML={
      Object {
        "__html": "<path d=\\"M0 13.526a6.586 6.586 0 0 0 4.86-1.36 3.285 3.285 0 0 1-3.067-2.28c.201.04.407.06.618.06.3 0 .693-.04.968-.115C1.878 9.529.85 8.203.85 6.613c0 .204.846.352 1.384.369C1.352 6.394.721 5.389.721 4.25c0-.601.136-1.166.418-1.65a9.29 9.29 0 0 0 6.754 3.429 3.287 3.287 0 0 1-.092-.747 3.28 3.28 0 0 1 5.674-2.246 6.554 6.554 0 0 0 2.084-.797 3.298 3.298 0 0 1-1.444 1.817A6.56 6.56 0 0 0 16 3.538a6.673 6.673 0 0 1-1.638 1.7c.007.14.01.281.01.424C14.371 10 11.07 15 5.031 15A9.301 9.301 0 0 1 0 13.526z\\" fill=\\"#1da1f2\\" fill-rule=\\"evenodd\\"/>",
      }
    }
    style={
      Object {
        "height": "1rem",
        "width": "1rem",
      }
    }
    viewBox="0 0 16 16"
  />
</span>
`;
